// Jest Snapshot v1, https://goo.gl/fbAQLP

exports[`Simple component test should render with initial state 1`] = `
<div>
  <div
    className="App"
  >
    <div
      className="nav"
    >
      <h1>
         Logo
      </h1>
      <ul
        className="nav_links"
      >
        <a
          href="/"
          onClick={[Function]}
        >
          <li>
            Home
          </li>
        </a>
        <a
          href="/requests"
          onClick={[Function]}
        >
          <li>
            Requests
          </li>
        </a>
        <a
          href="/userlist"
          onClick={[Function]}
        >
          <li>
            Setting
          </li>
        </a>
        <a
          href="/login"
          onClick={[Function]}
        >
          <li>
            Login
          </li>
        </a>
      </ul>
    </div>
    <h1>
      Welcome
    </h1>
  </div>
</div>
`;
