// Jest Snapshot v1, https://goo.gl/fbAQLP

exports[`forgot password component should render with initial state 1`] = `
<div>
  
  <form
    onSubmit={[Function]}
  >
    <div
      className="inputDiv"
    >
      <label>
        Email
      </label>
      <input
        name="email"
        type="email"
      />
    </div>
    <button
      className="btn"
    >
      Submit
    </button>
  </form>
</div>
`;
