// Jest Snapshot v1, https://goo.gl/fbAQLP

exports[`Login component should render with initial state 1`] = `
<div
  className="loginPage"
>
  <div
    className="row content"
  >
    <div
      className="col-md-6 mb-3"
    >
      <img
        alt=""
        className="img-fluid"
        src="test-file-stub"
      />
    </div>
    <div
      className="col-md-6"
    >
      <h3
        className="signin-text mb-3"
      >
        Sign In
      </h3>
      <form
        action="#"
        className="loginForm"
        onSubmit={[Function]}
      >
        <div
          className="form-group"
        >
          <div
            className="inputDiv"
          >
            <label>
              Email
            </label>
            <input
              name="email"
              onChange={[Function]}
              type="email"
            />
          </div>
        </div>
        <div
          className="form-group"
        >
          <div
            className="inputDiv"
          >
            <label>
              Password
            </label>
            <input
              name="password"
              onChange={[Function]}
              type="password"
            />
          </div>
        </div>
        <div
          className="form-group"
        >
          <ul
            className="expLinks"
          >
            <li>
              <a
                href="/signup"
                onClick={[Function]}
              >
                <h4>
                  <span>
                    Create Account
                  </span>
                   
                </h4>
              </a>
            </li>
            <li>
               
              <a
                href="/forgotpassword"
                onClick={[Function]}
              >
                <span>
                  Forgot Password?
                </span>
              </a>
            </li>
          </ul>
        </div>
        <div
          className="form-group"
        >
          <button
            className="btn"
          >
            Login
          </button>
        </div>
      </form>
      <div>
        <div
          className="social"
        >
          <h3
            className="social-header"
          >
            Or sign in with: 
          </h3>
          <button
            className="social-btn google"
            onClick={[Function]}
            type="submit"
          >
            <img
              src="test-file-stub"
            />
          </button>
          <button
            className="social-btn facebook"
            onClick={[Function]}
            type="submit"
          >
            <img
              src="test-file-stub"
            />
          </button>
        </div>
      </div>
    </div>
  </div>
</div>
`;
