// Jest Snapshot v1, https://goo.gl/fbAQLP

exports[`Nav component should render nav with initial state 1`] = `
<div
  className="nav"
>
  <h1>
     Logo
  </h1>
  <ul
    className="nav_links"
  >
    <a
      href="/home"
      onClick={[Function]}
    >
      <li>
        Home
      </li>
    </a>
    <a
      href="/profile"
      onClick={[Function]}
    >
      <li>
        Profile
      </li>
    </a>
    <a
      href="/login"
      onClick={[Function]}
    >
      <li>
        Login
      </li>
    </a>
  </ul>
</div>
`;
